collection:
  host:27017/database/collection -> host:27017/database/collection

empty + find:

insert(object):
  {"hello":"world","_id":"4e21d7d50123ab0123000001"}

insert(objects):
  {"string":"string","_id":"4e21d7d60123ab0123000002"}
  {"number":42,"_id":"4e21d7d70123ab0123000003"}
  {"boolean":true,"_id":"4e21d7d80123ab0123000004"}
  {"null":null,"_id":"4e21d7d90123ab0123000005"}
  {"date":"2011-01-01T08:00:00.000Z","_id":"4e21d7da0123ab0123000006"}
  {"object":{"boolean":true,"number":42,"array":[1,2,"three"]},"_id":"4e21d7db0123ab0123000007"}
  {"array":[1,2,"three"],"_id":"4e21d7dc0123ab0123000008"}

find(string = "string"):
  {"string":"string","_id":"4e21d7d60123ab0123000002"}

find(number = 42):
  {"number":42,"_id":"4e21d7d70123ab0123000003"}

find(number >= 42):
  {"number":42,"_id":"4e21d7d70123ab0123000003"}

find(number > 41):
  {"number":42,"_id":"4e21d7d70123ab0123000003"}

find(number <= 42):
  {"number":42,"_id":"4e21d7d70123ab0123000003"}

find(number < 43):
  {"number":42,"_id":"4e21d7d70123ab0123000003"}

find(number < 43 and number > 41):
  {"number":42,"_id":"4e21d7d70123ab0123000003"}

find(number != 42):

find(number < 42):

find(number <= 41):

find(number > 42):

find(number >= 43):

find(number >= 43 and number <= 41):

find(boolean = true):
  {"boolean":true,"_id":"4e21d7d80123ab0123000004"}

find(boolean = false):

find(boolean != true):

find(null = null):
  {"null":null,"_id":"4e21d7d90123ab0123000005"}

find(string > strinf):
  {"string":"string","_id":"4e21d7d60123ab0123000002"}

find(string < strinh):
  {"string":"string","_id":"4e21d7d60123ab0123000002"}

find(/^STR/i.test(string)):
  {"string":"string","_id":"4e21d7d60123ab0123000002"}

find(object.boolean = true and object.number > 41):
  {"object":{"boolean":true,"number":42,"array":[1,2,"three"]},"_id":"4e21d7db0123ab0123000007"}

find(date = 2011-01-01):
  {"date":"2011-01-01T08:00:00.000Z","_id":"4e21d7da0123ab0123000006"}

find(date >= 2011-01-01):
  {"date":"2011-01-01T08:00:00.000Z","_id":"4e21d7da0123ab0123000006"}

find(date > 2010-12-31):
  {"date":"2011-01-01T08:00:00.000Z","_id":"4e21d7da0123ab0123000006"}

find(date <= 2011-01-01)):
  {"date":"2011-01-01T08:00:00.000Z","_id":"4e21d7da0123ab0123000006"}

find(date < 2011-01-02):
  {"date":"2011-01-01T08:00:00.000Z","_id":"4e21d7da0123ab0123000006"}

find(date < 2011-01-02 and date > 2010-12-31):
  {"date":"2011-01-01T08:00:00.000Z","_id":"4e21d7da0123ab0123000006"}

find(date != 2011-01-01):

find(date < 2011-01-01):

find(date <= 2010-12-31):

find(date > 2011-01-01):

find(date >= 2011-01-02):

find(date >= 2011-01-02 and date <= 2010-12-31):

find(_id = ObjectId(4e21d7d80123ab0123000004)):
  {"boolean":true,"_id":"4e21d7d80123ab0123000004"}

find(array = [1,2,"three"]):
  {"array":[1,2,"three"],"_id":"4e21d7dc0123ab0123000008"}

remove(string = string):
  {"number":42,"_id":"4e21d7d70123ab0123000003"}
  {"boolean":true,"_id":"4e21d7d80123ab0123000004"}
  {"null":null,"_id":"4e21d7d90123ab0123000005"}
  {"date":"2011-01-01T08:00:00.000Z","_id":"4e21d7da0123ab0123000006"}
  {"object":{"boolean":true,"number":42,"array":[1,2,"three"]},"_id":"4e21d7db0123ab0123000007"}
  {"array":[1,2,"three"],"_id":"4e21d7dc0123ab0123000008"}

remove(does.not.exist = true):
  {"number":42,"_id":"4e21d7d70123ab0123000003"}
  {"boolean":true,"_id":"4e21d7d80123ab0123000004"}
  {"null":null,"_id":"4e21d7d90123ab0123000005"}
  {"date":"2011-01-01T08:00:00.000Z","_id":"4e21d7da0123ab0123000006"}
  {"object":{"boolean":true,"number":42,"array":[1,2,"three"]},"_id":"4e21d7db0123ab0123000007"}
  {"array":[1,2,"three"],"_id":"4e21d7dc0123ab0123000008"}

remove(array):
  {"number":42,"_id":"4e21d7d70123ab0123000003"}
  {"boolean":true,"_id":"4e21d7d80123ab0123000004"}
  {"null":null,"_id":"4e21d7d90123ab0123000005"}
  {"date":"2011-01-01T08:00:00.000Z","_id":"4e21d7da0123ab0123000006"}
  {"object":{"boolean":true,"number":42,"array":[1,2,"three"]},"_id":"4e21d7db0123ab0123000007"}

remove(object):
  {"number":42,"_id":"4e21d7d70123ab0123000003"}
  {"boolean":true,"_id":"4e21d7d80123ab0123000004"}
  {"null":null,"_id":"4e21d7d90123ab0123000005"}
  {"date":"2011-01-01T08:00:00.000Z","_id":"4e21d7da0123ab0123000006"}

remove(ObjectId(4e21d7d80123ab0123000004)):
  {"number":42,"_id":"4e21d7d70123ab0123000003"}
  {"null":null,"_id":"4e21d7d90123ab0123000005"}
  {"date":"2011-01-01T08:00:00.000Z","_id":"4e21d7da0123ab0123000006"}

remove():

save(new):
  {"hello":"world","_id":"4e21d7dd0123ab0123000009"}

save(existing):
  {"hello":"world","_id":"4e21d7dd0123ab0123000009"}

save(updated):
  {"hello":2,"_id":"4e21d7dd0123ab0123000009","foo":"bar"}

upsert(new):
  {"hello":"world","_id":"4e21d7de0123ab012300000a"}

upsert(existing):
  {"foo":"bar","_id":"4e21d7de0123ab012300000a"}

