db:
  host:27017/database -> host:27017/database

